[debug] [2025-09-20T10:16:56.589Z] ----------------------------------------------------------------------
[debug] [2025-09-20T10:16:56.592Z] Command:       C:\Program Files\nodejs\node.exe C:\Users\Xze\AppData\Roaming\npm\node_modules\firebase-tools\lib\bin\firebase.js init hosting
[debug] [2025-09-20T10:16:56.593Z] CLI Version:   14.17.0
[debug] [2025-09-20T10:16:56.593Z] Platform:      win32
[debug] [2025-09-20T10:16:56.593Z] Node Version:  v22.19.0
[debug] [2025-09-20T10:16:56.593Z] Time:          Sat Sep 20 2025 17:16:56 GMT+0700 (Indochina Time)
[debug] [2025-09-20T10:16:56.593Z] ----------------------------------------------------------------------
[debug] 
[debug] [2025-09-20T10:16:56.793Z] Object "" in "firebase.json" has unknown property: {"additionalProperty":"flutter"}
[debug] [2025-09-20T10:16:56.797Z] > command requires scopes: ["email","openid","https://www.googleapis.com/auth/cloudplatformprojects.readonly","https://www.googleapis.com/auth/firebase","https://www.googleapis.com/auth/cloud-platform"]
[debug] [2025-09-20T10:16:56.797Z] > authorizing via signed-in user (yonatan.kris98@gmail.com)
[debug] [2025-09-20T10:16:56.798Z] Object "" in "firebase.json" has unknown property: {"additionalProperty":"flutter"}
[info] 
     ######## #### ########  ######## ########     ###     ######  ########
     ##        ##  ##     ## ##       ##     ##  ##   ##  ##       ##
     ######    ##  ########  ######   ########  #########  ######  ######
     ##        ##  ##    ##  ##       ##     ## ##     ##       ## ##
     ##       #### ##     ## ######## ########  ##     ##  ######  ########

You're about to initialize a Firebase project in this directory:

  E:\Company\Omega Softindo\ESS-DEV\ors_ess

Before we get started, keep in mind:

  * You are initializing within an existing Firebase project directory

[debug] [2025-09-20T10:17:04.065Z] ExitPromptError: User force closed the prompt with SIGINT
    at Interface.sigint (C:\Users\Xze\AppData\Roaming\npm\node_modules\firebase-tools\node_modules\@inquirer\core\dist\commonjs\lib\create-prompt.js:101:37)
    at Interface.emit (node:events:519:28)
    at Interface.emit (node:domain:489:12)
    at [_ttyWrite] [as _ttyWrite] (node:internal/readline/interface:1132:18)
    at ReadStream.onkeypress (node:internal/readline/interface:271:20)
    at ReadStream.emit (node:events:531:35)
    at ReadStream.emit (node:domain:489:12)
    at emitKeys (node:internal/readline/utils:370:14)
    at emitKeys.next (<anonymous>)
    at ReadStream.onData (node:internal/readline/emitKeypressEvents:64:36)
[error] 
[error] Error: An unexpected error has occurred.
